(program (stmt (declaration (type int) number ;)) (stmt (declaration (type int) number = (operand (literal 2)) ;)) (stmt (declaration (type bool) boolVar = (operand (literal (booleanLiteral true))) ;)))
