(program (stmt (conditional if ( (comparison (operand (literal 2)) (comparationOperator <) (operand (literal 3))) ) { (stmt (declaration (type int) number = (operand (literal 3)) ;)) })))
