(program (stmt (timeBlock (timeStamp 2 sec) { (stmt (declaration (type int) number = (operand (literal 2)) ;)) })))
